+----+---+---------+--------------+-----------------+------------------------------+---------+-------------------------------------------------------------+----------+--------------------------------------------------------------+
|  # | * | PACKAGE | PACKAGE PATH | FILE            | FUNCTION                     | TYPE    | TABLES                                                      | HASH     | QUERY                                                        |
+----+---+---------+--------------+-----------------+------------------------------+---------+-------------------------------------------------------------+----------+--------------------------------------------------------------+
|  1 |   | main    | g/i/i/w/go   | main.go:110:37  | Initialize                   | UNKNOWN |                                                             | da39a3ee |                                                              |
|  2 |   | main    | g/i/i/w/go   | main.go:263:20  | Login                        | SELECT  | users                                                       | f4c0ac00 | SELECT * FROM `users` WHERE `code` = ?                       |
|  3 |   | main    | g/i/i/w/go   | main.go:338:20  | GetMe                        | SELECT  | users                                                       | 5331e6a0 | SELECT `code` FROM `users` WHERE `id` = ?                    |
|  4 |   | main    | g/i/i/w/go   | main.go:378:21  | GetRegisteredCourses         | SELECT  | courses, registrations                                      | f14d82c5 | SELECT `courses`.* FROM `courses` JOIN `registrations` ...   |
|  5 |   | main    | g/i/i/w/go   | main.go:387:19  | GetRegisteredCourses         | SELECT  | users                                                       | 9eb8df62 | SELECT * FROM `users` WHERE `id` = ?                         |
|  6 |   | main    | g/i/i/w/go   | main.go:447:19  | RegisterCourses              | SELECT  | courses                                                     | e06bc11d | SELECT * FROM `courses` WHERE `id` = ? FOR SHARE             |
|  7 |   | main    | g/i/i/w/go   | main.go:462:19  | RegisterCourses              | SELECT  | registrations                                               | d5d0c8f5 | SELECT COUNT(*) FROM `registrations` WHERE `course_id` = ... |
|  8 |   | main    | g/i/i/w/go   | main.go:478:21  | RegisterCourses              | SELECT  | courses, registrations                                      | f14d82c5 | SELECT `courses`.* FROM `courses` JOIN `registrations` ...   |
|  9 |   | main    | g/i/i/w/go   | main.go:498:19  | RegisterCourses              | INSERT  | registrations                                               | 94fc386f | INSERT INTO `registrations` (`course_id`, `user_id`) ...     |
| 10 |   | main    | g/i/i/w/go   | main.go:569:23  | GetGrades                    | SELECT  | registrations, courses                                      | ef1fa2fa | SELECT `courses`.* FROM `registrations` JOIN `courses` ...   |
| 11 |   | main    | g/i/i/w/go   | main.go:585:24  | GetGrades                    | SELECT  | classes                                                     | 3448f3a1 | SELECT * FROM `classes` WHERE `course_id` = ? ORDER BY ...   |
| 12 |   | main    | g/i/i/w/go   | main.go:595:22  | GetGrades                    | SELECT  | submissions                                                 | ca61fa72 | SELECT COUNT(*) FROM `submissions` WHERE `class_id` = ?      |
| 13 |   | main    | g/i/i/w/go   | main.go:601:22  | GetGrades                    | SELECT  | submissions                                                 | 05634723 | SELECT `submissions`.`score` FROM `submissions` WHERE ...    |
| 14 |   | main    | g/i/i/w/go   | main.go:635:24  | GetGrades                    | SELECT  | users, registrations, courses, classes, submissions         | 7ee19cbc | SELECT IFNULL(SUM(`submissions`.`score`), 0) AS ...          |
| 15 |   | main    | g/i/i/w/go   | main.go:679:23  | GetGrades                    | SELECT  | users, registrations, courses, classes, submissions         | 69ec4061 | SELECT IFNULL(SUM(`submissions`.`score` * ...                |
| 16 | P | main    | g/i/i/w/go   | main.go:777:35  | SearchCourses                | SELECT  | courses, users                                              | c869090d | SELECT `courses`.*, `users`.`name` AS `teacher` FROM ...     |
| 17 |   | main    | g/i/i/w/go   | main.go:847:20  | AddCourse                    | INSERT  | courses                                                     | 5853cce3 | INSERT INTO `courses` (`id`, `code`, `type`, `name`, ...     |
| 18 |   | main    | g/i/i/w/go   | main.go:852:22  | AddCourse                    | SELECT  | courses                                                     | 2ee3e038 | SELECT * FROM `courses` WHERE `code` = ?                     |
| 19 |   | main    | g/i/i/w/go   | main.go:892:20  | GetCourseDetail              | SELECT  | courses, users                                              | 119dc49e | SELECT `courses`.*, `users`.`name` AS `teacher` FROM ...     |
| 20 |   | main    | g/i/i/w/go   | main.go:923:18  | SetCourseStatus              | SELECT  | courses                                                     | 90cc0d2a | SELECT COUNT(*) FROM `courses` WHERE `id` = ? FOR UPDATE     |
| 21 |   | main    | g/i/i/w/go   | main.go:931:22  | SetCourseStatus              | UPDATE  | courses                                                     | 30c1f156 | UPDATE `courses` SET `status` = ? WHERE `id` = ?             |
| 22 |   | main    | g/i/i/w/go   | main.go:981:18  | GetClasses                   | SELECT  | courses                                                     | d5bb5614 | SELECT COUNT(*) FROM `courses` WHERE `id` = ?                |
| 23 |   | main    | g/i/i/w/go   | main.go:995:21  | GetClasses                   | SELECT  | classes, submissions                                        | b1530e9a | SELECT `classes`.*, `submissions`.`user_id` IS NOT NULL ...  |
| 24 |   | main    | g/i/i/w/go   | main.go:1048:18 | AddClass                     | SELECT  | courses                                                     | e06bc11d | SELECT * FROM `courses` WHERE `id` = ? FOR SHARE             |
| 25 |   | main    | g/i/i/w/go   | main.go:1059:22 | AddClass                     | INSERT  | classes                                                     | d0be14a2 | INSERT INTO `classes` (`id`, `course_id`, `part`, ...        |
| 26 |   | main    | g/i/i/w/go   | main.go:1064:22 | AddClass                     | SELECT  | classes                                                     | 0fe8c6e5 | SELECT * FROM `classes` WHERE `course_id` = ? AND `part` = ? |
| 27 |   | main    | g/i/i/w/go   | main.go:1104:18 | SubmitAssignment             | SELECT  | courses                                                     | 77669ce5 | SELECT `status` FROM `courses` WHERE `id` = ? FOR SHARE      |
| 28 |   | main    | g/i/i/w/go   | main.go:1115:18 | SubmitAssignment             | SELECT  | registrations                                               | e4b4f8cf | SELECT COUNT(*) FROM `registrations` WHERE `user_id` = ? ... |
| 29 |   | main    | g/i/i/w/go   | main.go:1124:18 | SubmitAssignment             | SELECT  | classes                                                     | ec42b42f | SELECT `submission_closed` FROM `classes` WHERE `id` = ? ... |
| 30 |   | main    | g/i/i/w/go   | main.go:1140:22 | SubmitAssignment             | INSERT  | submissions                                                 | 43006099 | INSERT INTO `submissions` (`user_id`, `class_id`, ...        |
| 31 |   | main    | g/i/i/w/go   | main.go:1182:18 | RegisterScores               | SELECT  | classes                                                     | ec42b42f | SELECT `submission_closed` FROM `classes` WHERE `id` = ? ... |
| 32 |   | main    | g/i/i/w/go   | main.go:1199:23 | RegisterScores               | UPDATE  | submissions, users                                          | 0c3c0c2d | UPDATE `submissions` JOIN `users` ON `users`.`id` = ...      |
| 33 |   | main    | g/i/i/w/go   | main.go:1231:18 | DownloadSubmittedAssignments | SELECT  | classes                                                     | d234807b | SELECT COUNT(*) FROM `classes` WHERE `id` = ? FOR UPDATE     |
| 34 |   | main    | g/i/i/w/go   | main.go:1243:21 | DownloadSubmittedAssignments | SELECT  | submissions, users                                          | 81ebfc76 | SELECT `submissions`.`user_id`, ...                          |
| 35 |   | main    | g/i/i/w/go   | main.go:1254:22 | DownloadSubmittedAssignments | UPDATE  | classes                                                     | 89a96d36 | UPDATE `classes` SET `submission_closed` = true WHERE ...    |
| 36 | P | main    | g/i/i/w/go   | main.go:1335:2  | GetAnnouncementList          | SELECT  | announcements, courses, registrations, unread_announcements | 8745461a | SELECT `announcements`.`id`, `courses`.`id` AS ...           |
| 37 |   | main    | g/i/i/w/go   | main.go:1361:18 | GetAnnouncementList          | SELECT  | unread_announcements                                        | acc14121 | SELECT COUNT(*) FROM `unread_announcements` WHERE ...        |
| 38 |   | main    | g/i/i/w/go   | main.go:1435:18 | AddAnnouncement              | SELECT  | courses                                                     | d5bb5614 | SELECT COUNT(*) FROM `courses` WHERE `id` = ?                |
| 39 |   | main    | g/i/i/w/go   | main.go:1443:22 | AddAnnouncement              | INSERT  | announcements                                               | 0cdba70d | INSERT INTO `announcements` (`id`, `course_id`, `title`, ... |
| 40 |   | main    | g/i/i/w/go   | main.go:1448:22 | AddAnnouncement              | SELECT  | announcements                                               | 5140eed8 | SELECT * FROM `announcements` WHERE `id` = ?                 |
| 41 |   | main    | g/i/i/w/go   | main.go:1465:21 | AddAnnouncement              | SELECT  | users, registrations                                        | e8a28220 | SELECT `users`.* FROM `users` JOIN `registrations` ON ...    |
| 42 |   | main    | g/i/i/w/go   | main.go:1471:23 | AddAnnouncement              | INSERT  | unread_announcements                                        | 8e7c8e89 | INSERT INTO `unread_announcements` (`announcement_id`, ...   |
| 43 |   | main    | g/i/i/w/go   | main.go:1518:18 | GetAnnouncementDetail        | SELECT  | announcements, courses, unread_announcements                | c9902bf9 | SELECT `announcements`.`id`, `courses`.`id` AS ...           |
| 44 |   | main    | g/i/i/w/go   | main.go:1526:18 | GetAnnouncementDetail        | SELECT  | registrations                                               | d5d0c8f5 | SELECT COUNT(*) FROM `registrations` WHERE `course_id` = ... |
| 45 |   | main    | g/i/i/w/go   | main.go:1534:22 | GetAnnouncementDetail        | UPDATE  | unread_announcements                                        | 95c9954e | UPDATE `unread_announcements` SET `is_deleted` = true ...    |
+----+---+---------+--------------+-----------------+------------------------------+---------+-------------------------------------------------------------+----------+--------------------------------------------------------------+
