+-----+---+---------+--------------+-----------------+-------------------------------+--------+-----------------------------------+----------+--------------------------------------------------------------+
|   # | * | PACKAGE | PACKAGE PATH | FILE            | FUNCTION                      | TYPE   | TABLES                            | HASH     | QUERY                                                        |
+-----+---+---------+--------------+-----------------+-------------------------------+--------+-----------------------------------+----------+--------------------------------------------------------------+
|   1 |   | main    | g/i/i/w/go   | admin.go:25:21  | adminSessionCheckMiddleware$1 | SELECT | admin_sessions                    | 360e08eb | SELECT * FROM admin_sessions WHERE session_id=? AND ...      |
|   2 |   | main    | g/i/i/w/go   | admin.go:39:25  | adminSessionCheckMiddleware$1 | UPDATE | admin_sessions                    | 751243ea | UPDATE admin_sessions SET deleted_at=? WHERE session_id=?    |
|   3 |   | main    | g/i/i/w/go   | admin.go:74:17  | adminLogin                    | SELECT | admin_users                       | 57190438 | SELECT * FROM admin_users WHERE id=?                         |
|   4 |   | main    | g/i/i/w/go   | admin.go:86:21  | adminLogin                    | UPDATE | admin_users                       | 241d5dbc | UPDATE admin_users SET last_activated_at=?, updated_at=? ... |
|   5 |   | main    | g/i/i/w/go   | admin.go:91:21  | adminLogin                    | UPDATE | admin_sessions                    | ba2bb794 | UPDATE admin_sessions SET deleted_at=? WHERE user_id=? ...   |
|   6 |   | main    | g/i/i/w/go   | admin.go:113:21 | adminLogin                    | INSERT | admin_sessions                    | 15e402ca | INSERT INTO admin_sessions(id, user_id, session_id, ...      |
|   7 |   | main    | g/i/i/w/go   | admin.go:147:23 | adminLogout                   | UPDATE | admin_sessions                    | 65e5a509 | UPDATE admin_sessions SET deleted_at=? WHERE ...             |
|   8 |   | main    | g/i/i/w/go   | admin.go:158:23 | adminListMaster               | SELECT | version_masters                   | e70b8e2c | SELECT * FROM version_masters                                |
|   9 |   | main    | g/i/i/w/go   | admin.go:163:23 | adminListMaster               | SELECT | item_masters                      | 34d73d01 | SELECT * FROM item_masters                                   |
|  10 |   | main    | g/i/i/w/go   | admin.go:168:23 | adminListMaster               | SELECT | gacha_masters                     | ea5aa900 | SELECT * FROM gacha_masters                                  |
|  11 |   | main    | g/i/i/w/go   | admin.go:173:23 | adminListMaster               | SELECT | gacha_item_masters                | fb1be525 | SELECT * FROM gacha_item_masters                             |
|  12 |   | main    | g/i/i/w/go   | admin.go:178:23 | adminListMaster               | SELECT | present_all_masters               | 9fa43423 | SELECT * FROM present_all_masters                            |
|  13 |   | main    | g/i/i/w/go   | admin.go:184:23 | adminListMaster               | SELECT | login_bonus_masters               | 590897c1 | SELECT * FROM login_bonus_masters                            |
|  14 |   | main    | g/i/i/w/go   | admin.go:190:23 | adminListMaster               | SELECT | login_bonus_reward_masters        | 806d65c3 | SELECT * FROM login_bonus_reward_masters                     |
|  15 |   | main    | g/i/i/w/go   | admin.go:245:27 | adminUpdateMaster             | INSERT | version_masters                   | 1a169d05 | INSERT INTO version_masters(id, status, master_version) ...  |
|  16 |   | main    | g/i/i/w/go   | admin.go:279:24 | adminUpdateMaster             | INSERT | item_masters                      | 9fd4ed71 | INSERT INTO item_masters(id, item_type, name, ...            |
|  17 |   | main    | g/i/i/w/go   | admin.go:314:24 | adminUpdateMaster             | INSERT | gacha_masters                     | 11917f85 | INSERT INTO gacha_masters(id, name, start_at, end_at, ...    |
|  18 |   | main    | g/i/i/w/go   | admin.go:350:24 | adminUpdateMaster             | INSERT | gacha_item_masters                | 69c7ca07 | INSERT INTO gacha_item_masters(id, gacha_id, item_type, ...  |
|  19 |   | main    | g/i/i/w/go   | admin.go:387:24 | adminUpdateMaster             | INSERT | present_all_masters               | 0d1cb89a | INSERT INTO present_all_masters(id, registered_start_at, ... |
|  20 |   | main    | g/i/i/w/go   | admin.go:426:24 | adminUpdateMaster             | INSERT | login_bonus_masters               | dd3050c0 | INSERT INTO login_bonus_masters(id, start_at, end_at, ...    |
|  21 |   | main    | g/i/i/w/go   | admin.go:462:24 | adminUpdateMaster             | INSERT | login_bonus_reward_masters        | 1ec6d117 | INSERT INTO login_bonus_reward_masters(id, ...               |
|  22 |   | main    | g/i/i/w/go   | admin.go:475:17 | adminUpdateMaster             | SELECT | version_masters                   | fa718fda | SELECT * FROM version_masters WHERE status=1                 |
|  23 |   | main    | g/i/i/w/go   | admin.go:530:19 | adminUser                     | SELECT | users                             | 7e205fac | SELECT * FROM users WHERE id=?                               |
|  24 |   | main    | g/i/i/w/go   | admin.go:539:22 | adminUser                     | SELECT | user_devices                      | 35e0e619 | SELECT * FROM user_devices WHERE user_id=?                   |
|  25 |   | main    | g/i/i/w/go   | admin.go:545:22 | adminUser                     | SELECT | user_cards                        | db571968 | SELECT * FROM user_cards WHERE user_id=?                     |
|  26 |   | main    | g/i/i/w/go   | admin.go:551:22 | adminUser                     | SELECT | user_decks                        | fc6be1aa | SELECT * FROM user_decks WHERE user_id=?                     |
|  27 |   | main    | g/i/i/w/go   | admin.go:557:22 | adminUser                     | SELECT | user_items                        | 9709f6fa | SELECT * FROM user_items WHERE user_id=?                     |
|  28 |   | main    | g/i/i/w/go   | admin.go:563:22 | adminUser                     | SELECT | user_login_bonuses                | 5729e7fb | SELECT * FROM user_login_bonuses WHERE user_id=?             |
|  29 |   | main    | g/i/i/w/go   | admin.go:569:22 | adminUser                     | SELECT | user_presents                     | 5f1cf3de | SELECT * FROM user_presents WHERE user_id=?                  |
|  30 |   | main    | g/i/i/w/go   | admin.go:575:22 | adminUser                     | SELECT | user_present_all_received_history | ed818a3e | SELECT * FROM user_present_all_received_history WHERE ...    |
|  31 |   | main    | g/i/i/w/go   | admin.go:618:19 | adminBanUser                  | SELECT | users                             | 7e205fac | SELECT * FROM users WHERE id=?                               |
|  32 |   | main    | g/i/i/w/go   | admin.go:630:23 | adminBanUser                  | INSERT | user_bans                         | 11a42000 | INSERT user_bans(id, user_id, created_at, updated_at) ...    |
|  33 |   | main    | g/i/i/w/go   | main.go:156:21  | apiMiddleware$1               | SELECT | version_masters                   | fa718fda | SELECT * FROM version_masters WHERE status=1                 |
|  34 |   | main    | g/i/i/w/go   | main.go:206:21  | checkSessionMiddleware$1      | SELECT | user_sessions                     | 6318b85b | SELECT * FROM user_sessions WHERE session_id=? AND ...       |
|  35 |   | main    | g/i/i/w/go   | main.go:220:25  | checkSessionMiddleware$1      | UPDATE | user_sessions                     | c0fc585f | UPDATE user_sessions SET deleted_at=? WHERE session_id=?     |
|  36 |   | main    | g/i/i/w/go   | main.go:237:20  | checkOneTimeToken             | SELECT | user_one_time_tokens              | 06b1f194 | SELECT * FROM user_one_time_tokens WHERE token=? AND ...     |
|  37 |   | main    | g/i/i/w/go   | main.go:246:25  | checkOneTimeToken             | UPDATE | user_one_time_tokens              | 4081daca | UPDATE user_one_time_tokens SET deleted_at=? WHERE token=?   |
|  38 |   | main    | g/i/i/w/go   | main.go:254:24  | checkOneTimeToken             | UPDATE | user_one_time_tokens              | 4081daca | UPDATE user_one_time_tokens SET deleted_at=? WHERE token=?   |
|  39 |   | main    | g/i/i/w/go   | main.go:265:20  | checkViewerID                 | SELECT | user_devices                      | 71a5c3b1 | SELECT * FROM user_devices WHERE user_id=? AND platform_id=? |
|  40 |   | main    | g/i/i/w/go   | main.go:279:20  | checkBan                      | SELECT | user_bans                         | 71b0b4f7 | SELECT * FROM user_bans WHERE user_id=?                      |
|  41 |   | main    | g/i/i/w/go   | main.go:301:18  | loginProcess                  | SELECT | users                             | 7e205fac | SELECT * FROM users WHERE id=?                               |
|  42 |   | main    | g/i/i/w/go   | main.go:320:17  | loginProcess                  | SELECT | users                             | 74fa73dc | SELECT isu_coin FROM users WHERE id=?                        |
|  43 |   | main    | g/i/i/w/go   | main.go:331:22  | loginProcess                  | UPDATE | users                             | c524d608 | UPDATE users SET updated_at=?, last_activated_at=? WHERE ... |
|  44 |   | main    | g/i/i/w/go   | main.go:349:21  | obtainLoginBonus              | SELECT | login_bonus_masters               | ec1df9bd | SELECT * FROM login_bonus_masters WHERE start_at <= ? ...    |
|  45 |   | main    | g/i/i/w/go   | main.go:359:19  | obtainLoginBonus              | SELECT | user_login_bonuses                | 44297041 | SELECT * FROM user_login_bonuses WHERE user_id=? AND ...     |
|  46 |   | main    | g/i/i/w/go   | main.go:397:19  | obtainLoginBonus              | SELECT | login_bonus_reward_masters        | b29f3fed | SELECT * FROM login_bonus_reward_masters WHERE ...           |
|  47 |   | main    | g/i/i/w/go   | main.go:412:23  | obtainLoginBonus              | INSERT | user_login_bonuses                | 4e55d228 | INSERT INTO user_login_bonuses(id, user_id, ...              |
|  48 |   | main    | g/i/i/w/go   | main.go:417:23  | obtainLoginBonus              | UPDATE | user_login_bonuses                | 6960f969 | UPDATE user_login_bonuses SET last_reward_sequence=?, ...    |
|  49 |   | main    | g/i/i/w/go   | main.go:432:21  | obtainPresent                 | SELECT | present_all_masters               | c2ad89ce | SELECT * FROM present_all_masters WHERE ...                  |
|  50 |   | main    | g/i/i/w/go   | main.go:440:16  | obtainPresent                 | SELECT | user_present_all_received_history | bb78af07 | SELECT * FROM user_present_all_received_history WHERE ...    |
|  51 |   | main    | g/i/i/w/go   | main.go:465:23  | obtainPresent                 | INSERT | user_presents                     | 6bbc2be0 | INSERT INTO user_presents(id, user_id, sent_at, ...          |
|  52 |   | main    | g/i/i/w/go   | main.go:482:23  | obtainPresent                 | INSERT | user_present_all_received_history | e4b748d8 | INSERT INTO user_present_all_received_history(id, ...        |
|  53 |   | main    | g/i/i/w/go   | main.go:510:19  | obtainItem                    | SELECT | users                             | 7e205fac | SELECT * FROM users WHERE id=?                               |
|  54 |   | main    | g/i/i/w/go   | main.go:519:23  | obtainItem                    | UPDATE | users                             | 837af589 | UPDATE users SET isu_coin=? WHERE id=?                       |
|  55 |   | main    | g/i/i/w/go   | main.go:527:19  | obtainItem                    | SELECT | item_masters                      | 5514e418 | SELECT * FROM item_masters WHERE id=? AND item_type=?        |
|  56 |   | main    | g/i/i/w/go   | main.go:549:23  | obtainItem                    | INSERT | user_cards                        | 7bee5bc2 | INSERT INTO user_cards(id, user_id, card_id, ...             |
|  57 |   | main    | g/i/i/w/go   | main.go:557:19  | obtainItem                    | SELECT | item_masters                      | 5514e418 | SELECT * FROM item_masters WHERE id=? AND item_type=?        |
|  58 |   | main    | g/i/i/w/go   | main.go:566:19  | obtainItem                    | SELECT | user_items                        | e147e4d1 | SELECT * FROM user_items WHERE user_id=? AND item_id=?       |
|  59 |   | main    | g/i/i/w/go   | main.go:588:24  | obtainItem                    | INSERT | user_items                        | 45400874 | INSERT INTO user_items(id, user_id, item_id, item_type, ...  |
|  60 |   | main    | g/i/i/w/go   | main.go:596:24  | obtainItem                    | UPDATE | user_items                        | 25a34b12 | UPDATE user_items SET amount=?, updated_at=? WHERE id=?      |
|  61 |   | main    | g/i/i/w/go   | main.go:673:21  | createUser                    | INSERT | users                             | 0eee70e6 | INSERT INTO users(id, last_activated_at, registered_at, ...  |
|  62 |   | main    | g/i/i/w/go   | main.go:690:18  | createUser                    | INSERT | user_devices                      | 596a2ecb | INSERT INTO user_devices(id, user_id, platform_id, ...       |
|  63 |   | main    | g/i/i/w/go   | main.go:698:17  | createUser                    | SELECT | item_masters                      | ff39fa74 | SELECT * FROM item_masters WHERE id=?                        |
|  64 |   | main    | g/i/i/w/go   | main.go:722:23  | createUser                    | INSERT | user_cards                        | 7bee5bc2 | INSERT INTO user_cards(id, user_id, card_id, ...             |
|  65 |   | main    | g/i/i/w/go   | main.go:742:22  | createUser                    | INSERT | user_decks                        | 7ab9ba13 | INSERT INTO user_decks(id, user_id, user_card_id_1, ...      |
|  66 |   | main    | g/i/i/w/go   | main.go:776:21  | createUser                    | INSERT | user_sessions                     | f38638c8 | INSERT INTO user_sessions(id, user_id, session_id, ...       |
|  67 |   | main    | g/i/i/w/go   | main.go:823:20  | login                         | SELECT | users                             | 7e205fac | SELECT * FROM users WHERE id=?                               |
|  68 |   | main    | g/i/i/w/go   | main.go:852:21  | login                         | UPDATE | user_sessions                     | 19214300 | UPDATE user_sessions SET deleted_at=? WHERE user_id=? ...    |
|  69 |   | main    | g/i/i/w/go   | main.go:872:21  | login                         | INSERT | user_sessions                     | f38638c8 | INSERT INTO user_sessions(id, user_id, session_id, ...       |
|  70 |   | main    | g/i/i/w/go   | main.go:882:23  | login                         | UPDATE | users                             | c524d608 | UPDATE users SET updated_at=?, last_activated_at=? WHERE ... |
|  71 |   | main    | g/i/i/w/go   | main.go:947:19  | listGacha                     | SELECT | gacha_masters                     | cf22c7ca | SELECT * FROM gacha_masters WHERE start_at <= ? AND ...      |
|  72 |   | main    | g/i/i/w/go   | main.go:962:20  | listGacha                     | SELECT | gacha_item_masters                | d7a58dad | SELECT * FROM gacha_item_masters WHERE gacha_id=? ORDER ...  |
|  73 |   | main    | g/i/i/w/go   | main.go:979:23  | listGacha                     | UPDATE | user_one_time_tokens              | 73a292a9 | UPDATE user_one_time_tokens SET deleted_at=? WHERE ...       |
|  74 |   | main    | g/i/i/w/go   | main.go:1000:23 | listGacha                     | INSERT | user_one_time_tokens              | e0ce16b5 | INSERT INTO user_one_time_tokens(id, user_id, token, ...     |
|  75 |   | main    | g/i/i/w/go   | main.go:1070:20 | drawGacha                     | SELECT | users                             | 7e205fac | SELECT * FROM users WHERE id=?                               |
|  76 |   | main    | g/i/i/w/go   | main.go:1082:19 | drawGacha                     | SELECT | gacha_masters                     | dbfc8fe8 | SELECT * FROM gacha_masters WHERE id=? AND start_at <= ? ... |
|  77 |   | main    | g/i/i/w/go   | main.go:1090:19 | drawGacha                     | SELECT | gacha_item_masters                | d7a58dad | SELECT * FROM gacha_item_masters WHERE gacha_id=? ORDER ...  |
|  78 |   | main    | g/i/i/w/go   | main.go:1100:16 | drawGacha                     | SELECT | gacha_item_masters                | 75e5bbca | SELECT SUM(weight) FROM gacha_item_masters WHERE gacha_id=?  |
|  79 |   | main    | g/i/i/w/go   | main.go:1147:23 | drawGacha                     | INSERT | user_presents                     | 6bbc2be0 | INSERT INTO user_presents(id, user_id, sent_at, ...          |
|  80 |   | main    | g/i/i/w/go   | main.go:1156:22 | drawGacha                     | UPDATE | users                             | 837af589 | UPDATE users SET isu_coin=? WHERE id=?                       |
|  81 |   | main    | g/i/i/w/go   | main.go:1202:22 | listPresent                   | SELECT | user_presents                     | 4274745b | SELECT * FROM user_presents WHERE user_id = ? AND ...        |
|  82 |   | main    | g/i/i/w/go   | main.go:1207:19 | listPresent                   | SELECT | user_presents                     | f0ae2c6c | SELECT COUNT(*) FROM user_presents WHERE user_id = ? AND ... |
|  83 |   | main    | g/i/i/w/go   | main.go:1259:32 | receivePresent                | SELECT | user_presents                     | 701ba061 | SELECT * FROM user_presents WHERE id IN (?) AND ...          |
|  84 |   | main    | g/i/i/w/go   | main.go:1290:20 | receivePresent                | UPDATE | user_presents                     | 832ababd | UPDATE user_presents SET deleted_at=?, updated_at=? ...      |
|  85 |   | main    | g/i/i/w/go   | main.go:1341:19 | listItem                      | SELECT | users                             | 7e205fac | SELECT * FROM users WHERE id=?                               |
|  86 |   | main    | g/i/i/w/go   | main.go:1350:22 | listItem                      | SELECT | user_items                        | 758817ca | SELECT * FROM user_items WHERE user_id = ?                   |
|  87 |   | main    | g/i/i/w/go   | main.go:1356:22 | listItem                      | SELECT | user_cards                        | db571968 | SELECT * FROM user_cards WHERE user_id=?                     |
|  88 |   | main    | g/i/i/w/go   | main.go:1362:23 | listItem                      | UPDATE | user_one_time_tokens              | 73a292a9 | UPDATE user_one_time_tokens SET deleted_at=? WHERE ...       |
|  89 |   | main    | g/i/i/w/go   | main.go:1383:23 | listItem                      | INSERT | user_one_time_tokens              | e0ce16b5 | INSERT INTO user_one_time_tokens(id, user_id, token, ...     |
|  90 |   | main    | g/i/i/w/go   | main.go:1448:19 | addExpToCard                  | SELECT | user_cards, item_masters          | 7328f89b | SELECT uc.id , uc.user_id , uc.card_id , ...                 |
|  91 |   | main    | g/i/i/w/go   | main.go:1468:20 | addExpToCard                  | SELECT | user_items, item_masters          | b5c73494 | SELECT ui.id, ui.user_id, ui.item_id, ui.item_type, ...      |
|  92 |   | main    | g/i/i/w/go   | main.go:1506:21 | addExpToCard                  | UPDATE | user_cards                        | f7880495 | UPDATE user_cards SET amount_per_sec=?, level=?, ...         |
|  93 |   | main    | g/i/i/w/go   | main.go:1512:22 | addExpToCard                  | UPDATE | user_items                        | 25a34b12 | UPDATE user_items SET amount=?, updated_at=? WHERE id=?      |
|  94 |   | main    | g/i/i/w/go   | main.go:1519:17 | addExpToCard                  | SELECT | user_cards                        | c385bbb7 | SELECT * FROM user_cards WHERE id=?                          |
|  95 |   | main    | g/i/i/w/go   | main.go:1620:31 | updateDeck                    | SELECT | user_cards                        | 4c7712fc | SELECT * FROM user_cards WHERE id IN (?)                     |
|  96 |   | main    | g/i/i/w/go   | main.go:1640:21 | updateDeck                    | UPDATE | user_decks                        | 229eafff | UPDATE user_decks SET updated_at=?, deleted_at=? WHERE ...   |
|  97 |   | main    | g/i/i/w/go   | main.go:1658:22 | updateDeck                    | INSERT | user_decks                        | 7ab9ba13 | INSERT INTO user_decks(id, user_id, user_card_id_1, ...      |
|  98 |   | main    | g/i/i/w/go   | main.go:1709:19 | reward                        | SELECT | users                             | 7e205fac | SELECT * FROM users WHERE id=?                               |
|  99 |   | main    | g/i/i/w/go   | main.go:1718:19 | reward                        | SELECT | user_decks                        | 1852156f | SELECT * FROM user_decks WHERE user_id=? AND deleted_at ...  |
| 100 |   | main    | g/i/i/w/go   | main.go:1727:22 | reward                        | SELECT | user_cards                        | ba84ac96 | SELECT * FROM user_cards WHERE id IN (?, ?, ?)               |
| 101 |   | main    | g/i/i/w/go   | main.go:1741:23 | reward                        | UPDATE | users                             | 1bdea1c0 | UPDATE users SET isu_coin=?, last_getreward_at=? WHERE id=?  |
| 102 |   | main    | g/i/i/w/go   | main.go:1773:19 | home                          | SELECT | user_decks                        | 1852156f | SELECT * FROM user_decks WHERE user_id=? AND deleted_at ...  |
| 103 |   | main    | g/i/i/w/go   | main.go:1783:32 | home                          | SELECT | user_cards                        | 4c7712fc | SELECT * FROM user_cards WHERE id IN (?)                     |
| 104 |   | main    | g/i/i/w/go   | main.go:1798:19 | home                          | SELECT | users                             | 7e205fac | SELECT * FROM users WHERE id=?                               |
| 105 |   | main    | g/i/i/w/go   | main.go:1858:24 | generateID                    | UPDATE | id_generator                      | e58c655c | UPDATE id_generator SET id=LAST_INSERT_ID(id+1)              |
+-----+---+---------+--------------+-----------------+-------------------------------+--------+-----------------------------------+----------+--------------------------------------------------------------+
