+----+-----------------------------+---------------------------------------------------------------------------------------------+---+---------------------------------------------------------------------------------------------------------------------------------+
|  # | FUNCTION NAME               | CALLEE                                                                                      | N | POSITION                                                                                                                        |
+----+-----------------------------+---------------------------------------------------------------------------------------------+---+---------------------------------------------------------------------------------------------------------------------------------+
|  1 | ReceiveBenchmarkJob         | github.com/isucon/isucon10-final/webapp/golang/cmd/benchmark_server.ReceiveBenchmarkJob$1   | 1 | /Users/haijima/workspace/src/github.com/haijima/scone/cmd/scone/testdata/src/isucon10-final/cmd/benchmark_server/main.go:102:4  |
|  2 | ReportBenchmarkResult$1     | github.com/jmoiron/sqlx.Beginx                                                              | 1 | /Users/haijima/workspace/src/github.com/haijima/scone/cmd/scone/testdata/src/isucon10-final/cmd/benchmark_server/main.go:139:24 |
|  3 | ReportBenchmarkResult$1     | github.com/jmoiron/sqlx.Get                                                                 | 1 | /Users/haijima/workspace/src/github.com/haijima/scone/cmd/scone/testdata/src/isucon10-final/cmd/benchmark_server/main.go:146:16 |
|  4 | ReportBenchmarkResult$1     | github.com/isucon/isucon10-final/webapp/golang/cmd/benchmark_server.saveAsFinished          | 1 | /Users/haijima/workspace/src/github.com/haijima/scone/cmd/scone/testdata/src/isucon10-final/cmd/benchmark_server/main.go:161:31 |
|  5 | ReportBenchmarkResult$1     | database/sql.Commit                                                                         | 1 | /Users/haijima/workspace/src/github.com/haijima/scone/cmd/scone/testdata/src/isucon10-final/cmd/benchmark_server/main.go:164:24 |
|  6 | ReportBenchmarkResult$1     | github.com/isucon/isucon10-final/webapp/golang.NotifyBenchmarkJobFinished                   | 1 | /Users/haijima/workspace/src/github.com/haijima/scone/cmd/scone/testdata/src/isucon10-final/cmd/benchmark_server/main.go:167:50 |
|  7 | ReportBenchmarkResult$1     | github.com/isucon/isucon10-final/webapp/golang/cmd/benchmark_server.saveAsRunning           | 1 | /Users/haijima/workspace/src/github.com/haijima/scone/cmd/scone/testdata/src/isucon10-final/cmd/benchmark_server/main.go:172:30 |
|  8 | ReportBenchmarkResult$1     | database/sql.Commit                                                                         | 1 | /Users/haijima/workspace/src/github.com/haijima/scone/cmd/scone/testdata/src/isucon10-final/cmd/benchmark_server/main.go:175:24 |
|  9 | ReportBenchmarkResult       | github.com/isucon/isucon10-final/webapp/golang/cmd/benchmark_server.ReportBenchmarkResult$1 | 1 | /Users/haijima/workspace/src/github.com/haijima/scone/cmd/scone/testdata/src/isucon10-final/cmd/benchmark_server/main.go:180:4  |
| 10 | pollBenchmarkJob            | github.com/jmoiron/sqlx.Get                                                                 | 1 | /Users/haijima/workspace/src/github.com/haijima/scone/cmd/scone/testdata/src/isucon10-final/cmd/benchmark_server/main.go:254:18 |
| 11 | ReceiveBenchmarkJob$1       | github.com/jmoiron/sqlx.Beginx                                                              | 1 | /Users/haijima/workspace/src/github.com/haijima/scone/cmd/scone/testdata/src/isucon10-final/cmd/benchmark_server/main.go:40:24  |
| 12 | ReceiveBenchmarkJob$1       | github.com/isucon/isucon10-final/webapp/golang/cmd/benchmark_server.pollBenchmarkJob        | 1 | /Users/haijima/workspace/src/github.com/haijima/scone/cmd/scone/testdata/src/isucon10-final/cmd/benchmark_server/main.go:46:32  |
| 13 | ReceiveBenchmarkJob$1       | github.com/jmoiron/sqlx.Get                                                                 | 1 | /Users/haijima/workspace/src/github.com/haijima/scone/cmd/scone/testdata/src/isucon10-final/cmd/benchmark_server/main.go:55:16  |
| 14 | ReceiveBenchmarkJob$1       | database/sql.Exec                                                                           | 1 | /Users/haijima/workspace/src/github.com/haijima/scone/cmd/scone/testdata/src/isucon10-final/cmd/benchmark_server/main.go:73:20  |
| 15 | ReceiveBenchmarkJob$1       | github.com/jmoiron/sqlx.Get                                                                 | 1 | /Users/haijima/workspace/src/github.com/haijima/scone/cmd/scone/testdata/src/isucon10-final/cmd/benchmark_server/main.go:85:16  |
| 16 | ReceiveBenchmarkJob$1       | database/sql.Commit                                                                         | 1 | /Users/haijima/workspace/src/github.com/haijima/scone/cmd/scone/testdata/src/isucon10-final/cmd/benchmark_server/main.go:90:23  |
| 17 | ListTeams                   | github.com/jmoiron/sqlx.Select                                                              | 1 | /Users/haijima/workspace/src/github.com/haijima/scone/cmd/scone/testdata/src/isucon10-final/cmd/xsuportal/main.go:1107:19       |
| 18 | makeLeaderboardPB           | github.com/isucon/isucon10-final/webapp/golang/cmd/xsuportal.makeTeamPB                     | 1 | /Users/haijima/workspace/src/github.com/haijima/scone/cmd/scone/testdata/src/isucon10-final/cmd/xsuportal/main.go:1503:21       |
| 19 | Initialize                  | database/sql.Exec                                                                           | 1 | /Users/haijima/workspace/src/github.com/haijima/scone/cmd/scone/testdata/src/isucon10-final/cmd/xsuportal/main.go:157:20        |
| 20 | ListClarifications          | github.com/jmoiron/sqlx.Get                                                                 | 1 | /Users/haijima/workspace/src/github.com/haijima/scone/cmd/scone/testdata/src/isucon10-final/cmd/xsuportal/main.go:216:16        |
| 21 | ListClarifications          | github.com/isucon/isucon10-final/webapp/golang/cmd/xsuportal.makeClarificationPB            | 1 | /Users/haijima/workspace/src/github.com/haijima/scone/cmd/scone/testdata/src/isucon10-final/cmd/xsuportal/main.go:224:32        |
| 22 | ListClarifications          | github.com/jmoiron/sqlx.Get                                                                 | 1 | /Users/haijima/workspace/src/github.com/haijima/scone/cmd/scone/testdata/src/isucon10-final/cmd/xsuportal/main.go:499:16        |
| 23 | ListClarifications          | github.com/isucon/isucon10-final/webapp/golang/cmd/xsuportal.makeClarificationPB            | 1 | /Users/haijima/workspace/src/github.com/haijima/scone/cmd/scone/testdata/src/isucon10-final/cmd/xsuportal/main.go:507:32        |
| 24 | NotifyBenchmarkJobFinished  | github.com/isucon/isucon10-final/webapp/golang.notify                                       | 1 | /Users/haijima/workspace/src/github.com/haijima/scone/cmd/scone/testdata/src/isucon10-final/notifier.go:129:32                  |
| 25 | NotifyClarificationAnswered | github.com/isucon/isucon10-final/webapp/golang.notify                                       | 1 | /Users/haijima/workspace/src/github.com/haijima/scone/cmd/scone/testdata/src/isucon10-final/notifier.go:94:32                   |
+----+-----------------------------+---------------------------------------------------------------------------------------------+---+---------------------------------------------------------------------------------------------------------------------------------+
