+----+---+---------+--------------+-------------------------------+--------------------------------+--------+-----------------------------------------+----------+--------------------------------------------------------------+
| #  | * | PACKAGE | PACKAGE PATH |             FILE              |            FUNCTION            |  TYPE  |                 TABLES                  |   HASH   |                            QUERY                             |
+----+---+---------+--------------+-------------------------------+--------------------------------+--------+-----------------------------------------+----------+--------------------------------------------------------------+
|  1 | P | main    | g/i/i/w/go   | livecomment_handler.go:87:2   | getLivecommentsHandler         | SELECT | livecomments                            | 72e92fbb | SELECT * FROM livecomments WHERE livestream_id = ? ORDER ... |
|  2 |   | main    | g/i/i/w/go   | livecomment_handler.go:146:28 | getNgwords                     | SELECT | ng_words                                | 684b565f | SELECT * FROM ng_words WHERE user_id = ? AND ...             |
|  3 |   | main    | g/i/i/w/go   | livecomment_handler.go:191:25 | postLivecommentHandler         | SELECT | livestreams                             | 8637b5b2 | SELECT * FROM livestreams WHERE id = ?                       |
|  4 |   | main    | g/i/i/w/go   | livecomment_handler.go:201:28 | postLivecommentHandler         | SELECT | ng_words                                | 33dfd73d | SELECT id, user_id, livestream_id, word FROM ng_words ...    |
|  5 |   | main    | g/i/i/w/go   | livecomment_handler.go:215:26 | postLivecommentHandler         | SELECT |                                         | 3cce6699 | SELECT COUNT(*) FROM (SELECT ? AS text) AS texts INNER ...   |
|  6 |   | main    | g/i/i/w/go   | livecomment_handler.go:233:32 | postLivecommentHandler         | INSERT | livecomments                            | a6a6834c | INSERT INTO livecomments (user_id, livestream_id, ...        |
|  7 |   | main    | g/i/i/w/go   | livecomment_handler.go:285:25 | reportLivecommentHandler       | SELECT | livestreams                             | 8637b5b2 | SELECT * FROM livestreams WHERE id = ?                       |
|  8 |   | main    | g/i/i/w/go   | livecomment_handler.go:294:25 | reportLivecommentHandler       | SELECT | livecomments                            | fe563578 | SELECT * FROM livecomments WHERE id = ?                      |
|  9 |   | main    | g/i/i/w/go   | livecomment_handler.go:309:32 | reportLivecommentHandler       | INSERT | livecomment_reports                     | 1a9e0656 | INSERT INTO livecomment_reports(user_id, livestream_id, ...  |
| 10 |   | main    | g/i/i/w/go   | livecomment_handler.go:362:28 | moderateHandler                | SELECT | livestreams                             | ad35be11 | SELECT * FROM livestreams WHERE id = ? AND user_id = ?       |
| 11 |   | main    | g/i/i/w/go   | livecomment_handler.go:369:32 | moderateHandler                | INSERT | ng_words                                | 1a1726d3 | INSERT INTO ng_words(user_id, livestream_id, word, ...       |
| 12 |   | main    | g/i/i/w/go   | livecomment_handler.go:385:28 | moderateHandler                | SELECT | ng_words                                | d43deaa8 | SELECT * FROM ng_words WHERE livestream_id = ?               |
| 13 |   | main    | g/i/i/w/go   | livecomment_handler.go:393:29 | moderateHandler                | SELECT | livecomments                            | 208e2d41 | SELECT * FROM livecomments                                   |
| 14 |   | main    | g/i/i/w/go   | livecomment_handler.go:410:31 | moderateHandler                | DELETE | livecomments                            | af02a631 | DELETE FROM livecomments WHERE id = ? AND livestream_id ...  |
| 15 |   | main    | g/i/i/w/go   | livecomment_handler.go:427:25 | fillLivecommentResponse        | SELECT | users                                   | d6f3536a | SELECT * FROM users WHERE id = ?                             |
| 16 |   | main    | g/i/i/w/go   | livecomment_handler.go:436:25 | fillLivecommentResponse        | SELECT | livestreams                             | 8637b5b2 | SELECT * FROM livestreams WHERE id = ?                       |
| 17 |   | main    | g/i/i/w/go   | livecomment_handler.go:458:25 | fillLivecommentReportResponse  | SELECT | users                                   | d6f3536a | SELECT * FROM users WHERE id = ?                             |
| 18 |   | main    | g/i/i/w/go   | livecomment_handler.go:467:25 | fillLivecommentReportResponse  | SELECT | livecomments                            | fe563578 | SELECT * FROM livecomments WHERE id = ?                      |
| 19 |   | main    | g/i/i/w/go   | livestream_handler.go:109:28  | reserveLivestreamHandler       | SELECT | reservation_slots                       | e0491944 | SELECT * FROM reservation_slots WHERE start_at >= ? AND ...  |
| 20 |   | main    | g/i/i/w/go   | livestream_handler.go:115:26  | reserveLivestreamHandler       | SELECT | reservation_slots                       | 9880bfac | SELECT slot FROM reservation_slots WHERE start_at = ? ...    |
| 21 |   | main    | g/i/i/w/go   | livestream_handler.go:136:29  | reserveLivestreamHandler       | UPDATE | reservation_slots                       | 971a7cf9 | UPDATE reservation_slots SET slot = slot - 1 WHERE ...       |
| 22 |   | main    | g/i/i/w/go   | livestream_handler.go:140:32  | reserveLivestreamHandler       | INSERT | livestreams                             | 77777d01 | INSERT INTO livestreams (user_id, title, description, ...    |
| 23 |   | main    | g/i/i/w/go   | livestream_handler.go:153:35  | reserveLivestreamHandler       | INSERT | livestream_tags                         | 8f7b42e6 | INSERT INTO livestream_tags (livestream_id, tag_id) ...      |
| 24 |   | main    | g/i/i/w/go   | livestream_handler.go:187:29  | searchLivestreamsHandler       | SELECT | tags                                    | 34f7d539 | SELECT id FROM tags WHERE name = ?                           |
| 25 |   | main    | g/i/i/w/go   | livestream_handler.go:191:32  | searchLivestreamsHandler       | SELECT | livestream_tags                         | f176032c | SELECT * FROM livestream_tags WHERE tag_id IN (?) ORDER ...  |
| 26 |   | main    | g/i/i/w/go   | livestream_handler.go:202:27  | searchLivestreamsHandler       | SELECT | livestreams                             | 8637b5b2 | SELECT * FROM livestreams WHERE id = ?                       |
| 27 | P | main    | g/i/i/w/go   | livestream_handler.go:210:3   | searchLivestreamsHandler       | SELECT | livestreams                             | 1ba42da6 | SELECT * FROM livestreams ORDER BY id DESC                   |
| 28 |   | main    | g/i/i/w/go   | livestream_handler.go:258:28  | getMyLivestreamsHandler        | SELECT | livestreams                             | 32651d2e | SELECT * FROM livestreams WHERE user_id = ?                  |
| 29 |   | main    | g/i/i/w/go   | livestream_handler.go:292:25  | getUserLivestreamsHandler      | SELECT | users                                   | 134e3738 | SELECT * FROM users WHERE name = ?                           |
| 30 |   | main    | g/i/i/w/go   | livestream_handler.go:301:28  | getUserLivestreamsHandler      | SELECT | livestreams                             | 32651d2e | SELECT * FROM livestreams WHERE user_id = ?                  |
| 31 |   | main    | g/i/i/w/go   | livestream_handler.go:350:34  | enterLivestreamHandler         | INSERT | livestream_viewers_history              | cd7efcbb | INSERT INTO livestream_viewers_history (user_id, ...         |
| 32 |   | main    | g/i/i/w/go   | livestream_handler.go:384:29  | exitLivestreamHandler          | DELETE | livestream_viewers_history              | 48a58f29 | DELETE FROM livestream_viewers_history WHERE user_id = ? ... |
| 33 |   | main    | g/i/i/w/go   | livestream_handler.go:414:21  | getLivestreamHandler           | SELECT | livestreams                             | 8637b5b2 | SELECT * FROM livestreams WHERE id = ?                       |
| 34 |   | main    | g/i/i/w/go   | livestream_handler.go:453:25  | getLivecommentReportsHandler   | SELECT | livestreams                             | 8637b5b2 | SELECT * FROM livestreams WHERE id = ?                       |
| 35 |   | main    | g/i/i/w/go   | livestream_handler.go:467:28  | getLivecommentReportsHandler   | SELECT | livecomment_reports                     | 9fc6a6f8 | SELECT * FROM livecomment_reports WHERE livestream_id = ?    |
| 36 |   | main    | g/i/i/w/go   | livestream_handler.go:489:25  | fillLivestreamResponse         | SELECT | users                                   | d6f3536a | SELECT * FROM users WHERE id = ?                             |
| 37 |   | main    | g/i/i/w/go   | livestream_handler.go:498:28  | fillLivestreamResponse         | SELECT | livestream_tags                         | 4e32f468 | SELECT * FROM livestream_tags WHERE livestream_id = ?        |
| 38 |   | main    | g/i/i/w/go   | livestream_handler.go:505:26  | fillLivestreamResponse         | SELECT | tags                                    | 9b6da4a9 | SELECT * FROM tags WHERE id = ?                              |
| 39 |   | main    | g/i/i/w/go   | payment_handler.go:23:25      | GetPaymentResult               | SELECT | livecomments                            | b46f75c9 | SELECT IFNULL(SUM(tip), 0) FROM livecomments                 |
| 40 | P | main    | g/i/i/w/go   | reaction_handler.go:55:2      | getReactionsHandler            | SELECT | reactions                               | 87ed358d | SELECT * FROM reactions WHERE livestream_id = ? ORDER BY ... |
| 41 |   | main    | g/i/i/w/go   | reaction_handler.go:121:36    | postReactionHandler            | INSERT | reactions                               | 583b7694 | INSERT INTO reactions (user_id, livestream_id, ...           |
| 42 |   | main    | g/i/i/w/go   | reaction_handler.go:146:25    | fillReactionResponse           | SELECT | users                                   | d6f3536a | SELECT * FROM users WHERE id = ?                             |
| 43 |   | main    | g/i/i/w/go   | reaction_handler.go:155:25    | fillReactionResponse           | SELECT | livestreams                             | 8637b5b2 | SELECT * FROM livestreams WHERE id = ?                       |
| 44 |   | main    | g/i/i/w/go   | stats_handler.go:81:25        | getUserStatisticsHandler       | SELECT | users                                   | 134e3738 | SELECT * FROM users WHERE name = ?                           |
| 45 |   | main    | g/i/i/w/go   | stats_handler.go:91:28        | getUserStatisticsHandler       | SELECT | users                                   | 7b6ddc41 | SELECT * FROM users                                          |
| 46 |   | main    | g/i/i/w/go   | stats_handler.go:103:26       | getUserStatisticsHandler       | SELECT | users, livestreams, reactions           | 1e65084a | SELECT COUNT(*) FROM users u INNER JOIN livestreams l ON ... |
| 47 |   | main    | g/i/i/w/go   | stats_handler.go:113:26       | getUserStatisticsHandler       | SELECT | users, livestreams, livecomments        | d81f4229 | SELECT IFNULL(SUM(l2.tip), 0) FROM users u INNER JOIN ...    |
| 48 |   | main    | g/i/i/w/go   | stats_handler.go:141:25       | getUserStatisticsHandler       | SELECT | users, livestreams, reactions           | 01ac7c54 | SELECT COUNT(*) FROM users u INNER JOIN livestreams l ON ... |
| 49 |   | main    | g/i/i/w/go   | stats_handler.go:149:28       | getUserStatisticsHandler       | SELECT | livestreams                             | 32651d2e | SELECT * FROM livestreams WHERE user_id = ?                  |
| 50 |   | main    | g/i/i/w/go   | stats_handler.go:155:29       | getUserStatisticsHandler       | SELECT | livecomments                            | f8e63327 | SELECT * FROM livecomments WHERE livestream_id = ?           |
| 51 |   | main    | g/i/i/w/go   | stats_handler.go:169:26       | getUserStatisticsHandler       | SELECT | livestream_viewers_history              | 8203c64d | SELECT COUNT(*) FROM livestream_viewers_history WHERE ...    |
| 52 |   | main    | g/i/i/w/go   | stats_handler.go:187:25       | getUserStatisticsHandler       | SELECT | users, livestreams, reactions           | c9f7dd36 | SELECT r.emoji_name FROM users u INNER JOIN livestreams ...  |
| 53 |   | main    | g/i/i/w/go   | stats_handler.go:222:25       | getLivestreamStatisticsHandler | SELECT | livestreams                             | 8637b5b2 | SELECT * FROM livestreams WHERE id = ?                       |
| 54 |   | main    | g/i/i/w/go   | stats_handler.go:231:28       | getLivestreamStatisticsHandler | SELECT | livestreams                             | 87475625 | SELECT * FROM livestreams                                    |
| 55 |   | main    | g/i/i/w/go   | stats_handler.go:239:26       | getLivestreamStatisticsHandler | SELECT | livestreams, reactions                  | 44fc1891 | SELECT COUNT(*) FROM livestreams l INNER JOIN reactions ...  |
| 56 |   | main    | g/i/i/w/go   | stats_handler.go:244:26       | getLivestreamStatisticsHandler | SELECT | livestreams, livecomments               | 41e0679c | SELECT IFNULL(SUM(l2.tip), 0) FROM livestreams l INNER ...   |
| 57 |   | main    | g/i/i/w/go   | stats_handler.go:267:25       | getLivestreamStatisticsHandler | SELECT | livestreams, livestream_viewers_history | faadfcea | SELECT COUNT(*) FROM livestreams l INNER JOIN ...            |
| 58 |   | main    | g/i/i/w/go   | stats_handler.go:273:25       | getLivestreamStatisticsHandler | SELECT | livestreams, livecomments               | 362b0eac | SELECT IFNULL(MAX(tip), 0) FROM livestreams l INNER JOIN ... |
| 59 |   | main    | g/i/i/w/go   | stats_handler.go:279:25       | getLivestreamStatisticsHandler | SELECT | livestreams, reactions                  | 8e835cf2 | SELECT COUNT(*) FROM livestreams l INNER JOIN reactions ...  |
| 60 |   | main    | g/i/i/w/go   | stats_handler.go:285:25       | getLivestreamStatisticsHandler | SELECT | livestreams, livecomment_reports        | 2a3e33ca | SELECT COUNT(*) FROM livestreams l INNER JOIN ...            |
| 61 |   | main    | g/i/i/w/go   | top_handler.go:35:28          | getTagHandler                  | SELECT | tags                                    | 978cd2ea | SELECT * FROM tags                                           |
| 62 |   | main    | g/i/i/w/go   | top_handler.go:75:21          | getStreamerThemeHandler        | SELECT | users                                   | ddf6baf8 | SELECT id FROM users WHERE name = ?                          |
| 63 |   | main    | g/i/i/w/go   | top_handler.go:84:25          | getStreamerThemeHandler        | SELECT | themes                                  | 5f827909 | SELECT * FROM themes WHERE user_id = ?                       |
| 64 |   | main    | g/i/i/w/go   | user_handler.go:100:25        | getIconHandler                 | SELECT | users                                   | 134e3738 | SELECT * FROM users WHERE name = ?                           |
| 65 |   | main    | g/i/i/w/go   | user_handler.go:108:25        | getIconHandler                 | SELECT | icons                                   | 15d1931f | SELECT image FROM icons WHERE user_id = ?                    |
| 66 |   | main    | g/i/i/w/go   | user_handler.go:143:29        | postIconHandler                | DELETE | icons                                   | 2ecb4a0c | DELETE FROM icons WHERE user_id = ?                          |
| 67 |   | main    | g/i/i/w/go   | user_handler.go:147:27        | postIconHandler                | INSERT | icons                                   | 717db906 | INSERT INTO icons (user_id, image) VALUES (?, ?)             |
| 68 |   | main    | g/i/i/w/go   | user_handler.go:186:21        | getMeHandler                   | SELECT | users                                   | d6f3536a | SELECT * FROM users WHERE id = ?                             |
| 69 |   | main    | g/i/i/w/go   | user_handler.go:239:36        | registerHandler                | INSERT | users                                   | 08881dde | INSERT INTO users (name, display_name, description, ...      |
| 70 |   | main    | g/i/i/w/go   | user_handler.go:255:34        | registerHandler                | INSERT | themes                                  | b92ddd1f | INSERT INTO themes (user_id, dark_mode) VALUES(?, ?)         |
| 71 |   | main    | g/i/i/w/go   | user_handler.go:294:21        | loginHandler                   | SELECT | users                                   | 134e3738 | SELECT * FROM users WHERE name = ?                           |
| 72 |   | main    | g/i/i/w/go   | user_handler.go:358:25        | getUserHandler                 | SELECT | users                                   | 134e3738 | SELECT * FROM users WHERE name = ?                           |
| 73 |   | main    | g/i/i/w/go   | user_handler.go:403:25        | fillUserResponse               | SELECT | themes                                  | 5f827909 | SELECT * FROM themes WHERE user_id = ?                       |
| 74 |   | main    | g/i/i/w/go   | user_handler.go:408:25        | fillUserResponse               | SELECT | icons                                   | 15d1931f | SELECT image FROM icons WHERE user_id = ?                    |
+----+---+---------+--------------+-------------------------------+--------------------------------+--------+-----------------------------------------+----------+--------------------------------------------------------------+
