+----+---------------------------+-------------------------------------------------------------------------+---+---------------------------------------------------+
|  # | FUNCTION NAME             | CALLEE                                                                  | N | POSITION                                          |
+----+---------------------------+-------------------------------------------------------------------------+---+---------------------------------------------------+
|  1 | competitionScoreHandler   | github.com/isucon/isucon12-qualify/webapp/go.retrievePlayer             | 1 | testdata/src/isucon12-qualify/isuports.go:1067:30 |
|  2 | dispenseID                | database/sql.ExecContext                                                | 1 | testdata/src/isucon12-qualify/isuports.go:106:34  |
|  3 | competitionScoreHandler   | github.com/isucon/isucon12-qualify/webapp/go.dispenseID                 | 1 | testdata/src/isucon12-qualify/isuports.go:1084:24 |
|  4 | competitionScoreHandler   | github.com/jmoiron/sqlx.NamedExecContext                                | 1 | testdata/src/isucon12-qualify/isuports.go:1110:41 |
|  5 | billingHandler            | github.com/isucon/isucon12-qualify/webapp/go.billingReportByCompetition | 1 | testdata/src/isucon12-qualify/isuports.go:1163:44 |
|  6 | playerHandler             | github.com/jmoiron/sqlx.GetContext                                      | 1 | testdata/src/isucon12-qualify/isuports.go:1243:32 |
|  7 | playerHandler             | github.com/isucon/isucon12-qualify/webapp/go.retrieveCompetition        | 1 | testdata/src/isucon12-qualify/isuports.go:1263:35 |
|  8 | competitionRankingHandler | github.com/isucon/isucon12-qualify/webapp/go.retrievePlayer             | 1 | testdata/src/isucon12-qualify/isuports.go:1387:27 |
|  9 | tenantsBillingHandler$1   | github.com/jmoiron/sqlx.SelectContext                                   | 1 | testdata/src/isucon12-qualify/isuports.go:681:36  |
| 10 | tenantsBillingHandler$1   | github.com/isucon/isucon12-qualify/webapp/go.billingReportByCompetition | 2 | testdata/src/isucon12-qualify/isuports.go:690:46  |
| 11 | tenantsBillingHandler     | github.com/isucon/isucon12-qualify/webapp/go.tenantsBillingHandler$1    | 1 | testdata/src/isucon12-qualify/isuports.go:698:4   |
| 12 | playersAddHandler         | github.com/isucon/isucon12-qualify/webapp/go.dispenseID                 | 1 | testdata/src/isucon12-qualify/isuports.go:796:24  |
| 13 | playersAddHandler         | database/sql.ExecContext                                                | 1 | testdata/src/isucon12-qualify/isuports.go:802:36  |
| 14 | playersAddHandler         | github.com/isucon/isucon12-qualify/webapp/go.retrievePlayer             | 1 | testdata/src/isucon12-qualify/isuports.go:812:27  |
+----+---------------------------+-------------------------------------------------------------------------+---+---------------------------------------------------+
