+----+--------------------------------+--------------------------------------------------------------------+---+---------------------------------------------------------------------------------------------------------------------+
|  # | FUNCTION NAME                  | CALLEE                                                             | N | POSITION                                                                                                            |
+----+--------------------------------+--------------------------------------------------------------------+---+---------------------------------------------------------------------------------------------------------------------+
|  1 | getLivecommentsHandler         | github.com/isucon/isucon13/webapp/go.fillLivecommentResponse       | 1 | /Users/haijima/workspace/src/github.com/haijima/scone/cmd/scone/testdata/src/isucon13/livecomment_handler.go:107:46 |
|  2 | postLivecommentHandler         | github.com/jmoiron/sqlx.GetContext                                 | 1 | /Users/haijima/workspace/src/github.com/haijima/scone/cmd/scone/testdata/src/isucon13/livecomment_handler.go:215:26 |
|  3 | moderateHandler                | github.com/jmoiron/sqlx.SelectContext                              | 1 | /Users/haijima/workspace/src/github.com/haijima/scone/cmd/scone/testdata/src/isucon13/livecomment_handler.go:393:29 |
|  4 | moderateHandler                | database/sql.ExecContext                                           | 2 | /Users/haijima/workspace/src/github.com/haijima/scone/cmd/scone/testdata/src/isucon13/livecomment_handler.go:410:31 |
|  5 | reserveLivestreamHandler       | github.com/jmoiron/sqlx.GetContext                                 | 1 | /Users/haijima/workspace/src/github.com/haijima/scone/cmd/scone/testdata/src/isucon13/livestream_handler.go:115:26  |
|  6 | reserveLivestreamHandler       | github.com/jmoiron/sqlx.NamedExecContext                           | 1 | /Users/haijima/workspace/src/github.com/haijima/scone/cmd/scone/testdata/src/isucon13/livestream_handler.go:153:35  |
|  7 | searchLivestreamsHandler       | github.com/jmoiron/sqlx.GetContext                                 | 1 | /Users/haijima/workspace/src/github.com/haijima/scone/cmd/scone/testdata/src/isucon13/livestream_handler.go:202:27  |
|  8 | searchLivestreamsHandler       | github.com/isucon/isucon13/webapp/go.fillLivestreamResponse        | 1 | /Users/haijima/workspace/src/github.com/haijima/scone/cmd/scone/testdata/src/isucon13/livestream_handler.go:226:44  |
|  9 | getMyLivestreamsHandler        | github.com/isucon/isucon13/webapp/go.fillLivestreamResponse        | 1 | /Users/haijima/workspace/src/github.com/haijima/scone/cmd/scone/testdata/src/isucon13/livestream_handler.go:263:44  |
| 10 | getUserLivestreamsHandler      | github.com/isucon/isucon13/webapp/go.fillLivestreamResponse        | 1 | /Users/haijima/workspace/src/github.com/haijima/scone/cmd/scone/testdata/src/isucon13/livestream_handler.go:306:44  |
| 11 | getLivecommentReportsHandler   | github.com/isucon/isucon13/webapp/go.fillLivecommentReportResponse | 1 | /Users/haijima/workspace/src/github.com/haijima/scone/cmd/scone/testdata/src/isucon13/livestream_handler.go:473:47  |
| 12 | fillLivestreamResponse         | github.com/jmoiron/sqlx.GetContext                                 | 1 | /Users/haijima/workspace/src/github.com/haijima/scone/cmd/scone/testdata/src/isucon13/livestream_handler.go:505:26  |
| 13 | getReactionsHandler            | github.com/isucon/isucon13/webapp/go.fillReactionResponse          | 1 | /Users/haijima/workspace/src/github.com/haijima/scone/cmd/scone/testdata/src/isucon13/reaction_handler.go:71:40     |
| 14 | getUserStatisticsHandler       | github.com/jmoiron/sqlx.GetContext                                 | 1 | /Users/haijima/workspace/src/github.com/haijima/scone/cmd/scone/testdata/src/isucon13/stats_handler.go:103:26       |
| 15 | getUserStatisticsHandler       | github.com/jmoiron/sqlx.GetContext                                 | 1 | /Users/haijima/workspace/src/github.com/haijima/scone/cmd/scone/testdata/src/isucon13/stats_handler.go:113:26       |
| 16 | getUserStatisticsHandler       | github.com/jmoiron/sqlx.SelectContext                              | 1 | /Users/haijima/workspace/src/github.com/haijima/scone/cmd/scone/testdata/src/isucon13/stats_handler.go:155:29       |
| 17 | getUserStatisticsHandler       | github.com/jmoiron/sqlx.GetContext                                 | 1 | /Users/haijima/workspace/src/github.com/haijima/scone/cmd/scone/testdata/src/isucon13/stats_handler.go:169:26       |
| 18 | getLivestreamStatisticsHandler | github.com/jmoiron/sqlx.GetContext                                 | 1 | /Users/haijima/workspace/src/github.com/haijima/scone/cmd/scone/testdata/src/isucon13/stats_handler.go:239:26       |
| 19 | getLivestreamStatisticsHandler | github.com/jmoiron/sqlx.GetContext                                 | 1 | /Users/haijima/workspace/src/github.com/haijima/scone/cmd/scone/testdata/src/isucon13/stats_handler.go:244:26       |
+----+--------------------------------+--------------------------------------------------------------------+---+---------------------------------------------------------------------------------------------------------------------+
