+----+---+-----------+----------------------------------+--------------------+-----------------------------+---------+------------------------------------+----------+--------------------------------------------------------------+
|  # | * | PACKAGE   | PACKAGE PATH                     | FILE               | FUNCTION                    | TYPE    | TABLES                             | HASH     | QUERY                                                        |
+----+---+-----------+----------------------------------+--------------------+-----------------------------+---------+------------------------------------+----------+--------------------------------------------------------------+
|  1 |   | xsuportal | g/i/i/w/golang                   | notifier.go:65:21  | NotifyClarificationAnswered | SELECT  | contestants                        | b17d05e5 | SELECT `id`, `team_id` FROM `contestants` WHERE ...          |
|  2 |   | xsuportal | g/i/i/w/golang                   | notifier.go:74:21  | NotifyClarificationAnswered | SELECT  | contestants                        | 5f0503a3 | SELECT `id`, `team_id` FROM `contestants` WHERE ...          |
|  3 |   | xsuportal | g/i/i/w/golang                   | notifier.go:112:20 | NotifyBenchmarkJobFinished  | SELECT  | contestants                        | 5f0503a3 | SELECT `id`, `team_id` FROM `contestants` WHERE ...          |
|  4 |   | xsuportal | g/i/i/w/golang                   | notifier.go:148:21 | notify                      | INSERT  | notifications                      | f3200e75 | INSERT INTO `notifications` (`contestant_id`, ...            |
|  5 |   | xsuportal | g/i/i/w/golang                   | notifier.go:158:16 | notify                      | SELECT  | notifications                      | c5cfd612 | SELECT * FROM `notifications` WHERE `id` = ? LIMIT 1         |
|  6 |   | main      | g/i/i/w/g/c/benchmark_server     | main.go:55:16      | ReceiveBenchmarkJob$1       | SELECT  | benchmark_jobs                     | 98835b61 | SELECT 1 FROM `benchmark_jobs` WHERE `id` = ? AND ...        |
|  7 |   | main      | g/i/i/w/g/c/benchmark_server     | main.go:73:20      | ReceiveBenchmarkJob$1       | UPDATE  | benchmark_jobs                     | 7a647200 | UPDATE `benchmark_jobs` SET `status` = ?, `handle` = ? ...   |
|  8 |   | main      | g/i/i/w/g/c/benchmark_server     | main.go:85:16      | ReceiveBenchmarkJob$1       | SELECT  | contest_config                     | 4260d92b | SELECT `contest_starts_at` FROM `contest_config` LIMIT 1     |
|  9 |   | main      | g/i/i/w/g/c/benchmark_server     | main.go:146:16     | ReportBenchmarkResult$1     | SELECT  | benchmark_jobs                     | 2fc8fe30 | SELECT * FROM `benchmark_jobs` WHERE `id` = ? AND ...        |
| 10 |   | main      | g/i/i/w/g/c/benchmark_server     | main.go:210:19     | saveAsFinished              | UPDATE  | benchmark_jobs                     | 6f6de656 | UPDATE `benchmark_jobs` SET `status` = ?, `score_raw` = ...  |
| 11 |   | main      | g/i/i/w/g/c/benchmark_server     | main.go:236:19     | saveAsRunning               | UPDATE  | benchmark_jobs                     | ca17d961 | UPDATE `benchmark_jobs` SET `status` = ?, `score_raw` = ...  |
| 12 |   | main      | g/i/i/w/g/c/benchmark_server     | main.go:254:18     | pollBenchmarkJob            | SELECT  | benchmark_jobs                     | 79570013 | SELECT * FROM `benchmark_jobs` WHERE `status` = ? ORDER ...  |
| 13 |   | main      | g/i/i/w/g/c/d/add_benchmark_job  | main.go:66:21      | run                         | INSERT  | benchmark_jobs                     | 43d2dd2b | INSERT INTO `benchmark_jobs` (`team_id`, `status`, ...       |
| 14 |   | main      | g/i/i/w/g/c/d/show_notifications | main.go:45:17      | run                         | SELECT  | notifications                      | a35d8aa6 | SELECT * FROM `notifications` WHERE `contestant_id` = ? ...  |
| 15 |   | main      | g/i/i/w/g/c/send_web_push        | main.go:77:21      | InsertNotification          | INSERT  | notifications                      | f3200e75 | INSERT INTO `notifications` (`contestant_id`, ...            |
| 16 |   | main      | g/i/i/w/g/c/send_web_push        | main.go:87:16      | InsertNotification          | SELECT  | notifications                      | 19d18e4d | SELECT * FROM `notifications` WHERE `id` = ?                 |
| 17 |   | main      | g/i/i/w/g/c/send_web_push        | main.go:101:20     | GetPushSubscriptions        | SELECT  | push_subscriptions                 | 120d126c | SELECT * FROM `push_subscriptions` WHERE `contestant_id` = ? |
| 18 |   | main      | g/i/i/w/g/c/xsuportal            | main.go:157:20     | Initialize                  | UNKNOWN |                                    | da39a3ee |                                                              |
| 19 |   | main      | g/i/i/w/g/c/xsuportal            | main.go:165:19     | Initialize                  | INSERT  | contestants                        | 082daaf1 | INSERT `contestants` (`id`, `password`, `staff`, ...         |
| 20 |   | main      | g/i/i/w/g/c/xsuportal            | main.go:171:20     | Initialize                  | INSERT  | contest_config                     | c349cacd | INSERT `contest_config` (`registration_open_at`, ...         |
| 21 |   | main      | g/i/i/w/g/c/xsuportal            | main.go:182:20     | Initialize                  | INSERT  | contest_config                     | 5ec47477 | INSERT `contest_config` (`registration_open_at`, ...         |
| 22 |   | main      | g/i/i/w/g/c/xsuportal            | main.go:209:18     | ListClarifications          | SELECT  | clarifications                     | 3da97bd2 | SELECT * FROM `clarifications` ORDER BY `updated_at` DESC    |
| 23 |   | main      | g/i/i/w/g/c/xsuportal            | main.go:216:16     | ListClarifications          | SELECT  | teams                              | 8fe9d7d2 | SELECT * FROM `teams` WHERE `id` = ? LIMIT 1                 |
| 24 |   | main      | g/i/i/w/g/c/xsuportal            | main.go:246:14     | GetClarification            | SELECT  | clarifications                     | 6a7e30e7 | SELECT * FROM `clarifications` WHERE `id` = ? LIMIT 1        |
| 25 |   | main      | g/i/i/w/g/c/xsuportal            | main.go:255:14     | GetClarification            | SELECT  | teams                              | 19b7c756 | SELECT * FROM `teams` WHERE id = ? LIMIT 1                   |
| 26 |   | main      | g/i/i/w/g/c/xsuportal            | main.go:296:14     | RespondClarification        | SELECT  | clarifications                     | 1e9fc08e | SELECT * FROM `clarifications` WHERE `id` = ? LIMIT 1 ...    |
| 27 |   | main      | g/i/i/w/g/c/xsuportal            | main.go:310:18     | RespondClarification        | UPDATE  | clarifications                     | 665b7a0e | UPDATE `clarifications` SET `disclosed` = ?, `answer` = ...  |
| 28 |   | main      | g/i/i/w/g/c/xsuportal            | main.go:320:14     | RespondClarification        | SELECT  | clarifications                     | 6a7e30e7 | SELECT * FROM `clarifications` WHERE `id` = ? LIMIT 1        |
| 29 |   | main      | g/i/i/w/g/c/xsuportal            | main.go:329:14     | RespondClarification        | SELECT  | teams                              | 8fe9d7d2 | SELECT * FROM `teams` WHERE `id` = ? LIMIT 1                 |
| 30 |   | main      | g/i/i/w/g/c/xsuportal            | main.go:405:14     | EnqueueBenchmarkJob         | SELECT  | benchmark_jobs                     | 27d9e814 | SELECT COUNT(*) AS `cnt` FROM `benchmark_jobs` WHERE ...     |
| 31 |   | main      | g/i/i/w/g/c/xsuportal            | main.go:416:18     | EnqueueBenchmarkJob         | INSERT  | benchmark_jobs                     | fad0c336 | INSERT INTO `benchmark_jobs` (`team_id`, ...                 |
| 32 |   | main      | g/i/i/w/g/c/xsuportal            | main.go:426:14     | EnqueueBenchmarkJob         | SELECT  | benchmark_jobs                     | d0291514 | SELECT * FROM `benchmark_jobs` WHERE `id` = (SELECT ...      |
| 33 |   | main      | g/i/i/w/g/c/xsuportal            | main.go:465:14     | GetBenchmarkJob             | SELECT  | benchmark_jobs                     | 70d5540e | SELECT * FROM `benchmark_jobs` WHERE `team_id` = ? AND ...   |
| 34 |   | main      | g/i/i/w/g/c/xsuportal            | main.go:488:18     | ListClarifications          | SELECT  | clarifications                     | b3f13867 | SELECT * FROM `clarifications` WHERE `team_id` = ? OR ...    |
| 35 |   | main      | g/i/i/w/g/c/xsuportal            | main.go:499:16     | ListClarifications          | SELECT  | teams                              | 8fe9d7d2 | SELECT * FROM `teams` WHERE `id` = ? LIMIT 1                 |
| 36 |   | main      | g/i/i/w/g/c/xsuportal            | main.go:530:18     | RequestClarification        | INSERT  | clarifications                     | 07b2fe0f | INSERT INTO `clarifications` (`team_id`, `question`, ...     |
| 37 |   | main      | g/i/i/w/g/c/xsuportal            | main.go:539:14     | RequestClarification        | SELECT  | clarifications                     | 77436a0c | SELECT * FROM `clarifications` WHERE `id` = ...              |
| 38 |   | main      | g/i/i/w/g/c/xsuportal            | main.go:589:18     | ListNotifications           | SELECT  | notifications                      | 64527161 | SELECT * FROM `notifications` WHERE `contestant_id` = ? ...  |
| 39 |   | main      | g/i/i/w/g/c/xsuportal            | main.go:599:18     | ListNotifications           | SELECT  | notifications                      | a35d8aa6 | SELECT * FROM `notifications` WHERE `contestant_id` = ? ...  |
| 40 |   | main      | g/i/i/w/g/c/xsuportal            | main.go:608:18     | ListNotifications           | UPDATE  | notifications                      | d9d7a2f5 | UPDATE `notifications` SET `read` = TRUE WHERE ...           |
| 41 |   | main      | g/i/i/w/g/c/xsuportal            | main.go:621:14     | ListNotifications           | SELECT  | clarifications                     | 036d92f2 | SELECT `id` FROM `clarifications` WHERE (`team_id` = ? ...   |
| 42 |   | main      | g/i/i/w/g/c/xsuportal            | main.go:654:19     | SubscribeNotification       | INSERT  | push_subscriptions                 | 43b04820 | INSERT INTO `push_subscriptions` (`contestant_id`, ...       |
| 43 |   | main      | g/i/i/w/g/c/xsuportal            | main.go:682:19     | UnsubscribeNotification     | DELETE  | push_subscriptions                 | 38db94e9 | DELETE FROM `push_subscriptions` WHERE `contestant_id` = ... |
| 44 |   | main      | g/i/i/w/g/c/xsuportal            | main.go:700:19     | Signup                      | INSERT  | contestants                        | e28f2da9 | INSERT INTO `contestants` (`id`, `password`, `staff`, ...    |
| 45 |   | main      | g/i/i/w/g/c/xsuportal            | main.go:732:15     | Login                       | SELECT  | contestants                        | bd795177 | SELECT `password` FROM `contestants` WHERE `id` = ? LIMIT 1  |
| 46 |   | main      | g/i/i/w/g/c/xsuportal            | main.go:799:16     | GetRegistrationSession      | SELECT  | teams                              | 0aa57129 | SELECT * FROM `teams` WHERE `id` = ? AND `invite_token` ...  |
| 47 |   | main      | g/i/i/w/g/c/xsuportal            | main.go:817:19     | GetRegistrationSession      | SELECT  | contestants                        | cc7e585a | SELECT * FROM `contestants` WHERE `team_id` = ?              |
| 48 |   | main      | g/i/i/w/g/c/xsuportal            | main.go:879:27     | CreateTeam                  | UNKNOWN | teams, contestants                 | 56ab9f77 | LOCK TABLES `teams` WRITE, `contestants` WRITE               |
| 49 |   | main      | g/i/i/w/g/c/xsuportal            | main.go:883:24     | CreateTeam                  | UNKNOWN |                                    | 5ef2c34b | UNLOCK TABLES                                                |
| 50 |   | main      | g/i/i/w/g/c/xsuportal            | main.go:892:28     | CreateTeam                  | SELECT  | teams                              | 54a5d60a | SELECT COUNT(*) < ? AS `within_capacity` FROM `teams`        |
| 51 |   | main      | g/i/i/w/g/c/xsuportal            | main.go:903:27     | CreateTeam                  | INSERT  | teams                              | 7292fdd9 | INSERT INTO `teams` (`name`, `email_address`, ...            |
| 52 |   | main      | g/i/i/w/g/c/xsuportal            | main.go:914:28     | CreateTeam                  | SELECT  |                                    | 9fff7989 | SELECT LAST_INSERT_ID() AS `id`                              |
| 53 |   | main      | g/i/i/w/g/c/xsuportal            | main.go:924:27     | CreateTeam                  | UPDATE  | contestants                        | 1059510f | UPDATE `contestants` SET `name` = ?, `student` = ?, ...      |
| 54 |   | main      | g/i/i/w/g/c/xsuportal            | main.go:936:27     | CreateTeam                  | UPDATE  | teams                              | 02cccd2f | UPDATE `teams` SET `leader_id` = ? WHERE `id` = ? LIMIT 1    |
| 55 |   | main      | g/i/i/w/g/c/xsuportal            | main.go:969:14     | JoinTeam                    | SELECT  | teams                              | 3e2a179b | SELECT * FROM `teams` WHERE `id` = ? AND `invite_token` ...  |
| 56 |   | main      | g/i/i/w/g/c/xsuportal            | main.go:982:14     | JoinTeam                    | SELECT  | contestants                        | 1dbe4347 | SELECT COUNT(*) AS `cnt` FROM `contestants` WHERE ...        |
| 57 |   | main      | g/i/i/w/g/c/xsuportal            | main.go:995:18     | JoinTeam                    | UPDATE  | contestants                        | e60a95e2 | UPDATE `contestants` SET `team_id` = ?, `name` = ?, ...      |
| 58 |   | main      | g/i/i/w/g/c/xsuportal            | main.go:1027:20    | UpdateRegistration          | UPDATE  | teams                              | f7e45e07 | UPDATE `teams` SET `name` = ?, `email_address` = ? WHERE ... |
| 59 |   | main      | g/i/i/w/g/c/xsuportal            | main.go:1037:18    | UpdateRegistration          | UPDATE  | contestants                        | 0ef87766 | UPDATE `contestants` SET `name` = ?, `student` = ? WHERE ... |
| 60 |   | main      | g/i/i/w/g/c/xsuportal            | main.go:1067:20    | DeleteRegistration          | UPDATE  | teams                              | 89ea92d2 | UPDATE `teams` SET `withdrawn` = TRUE, `leader_id` = ...     |
| 61 |   | main      | g/i/i/w/g/c/xsuportal            | main.go:1074:19    | DeleteRegistration          | UPDATE  | contestants                        | 7f01b204 | UPDATE `contestants` SET `team_id` = NULL WHERE ...          |
| 62 |   | main      | g/i/i/w/g/c/xsuportal            | main.go:1082:20    | DeleteRegistration          | UPDATE  | contestants                        | 97164cf5 | UPDATE `contestants` SET `team_id` = NULL WHERE `id` = ? ... |
| 63 |   | main      | g/i/i/w/g/c/xsuportal            | main.go:1100:18    | ListTeams                   | SELECT  | teams                              | 3cbb0b5b | SELECT * FROM `teams` WHERE `withdrawn` = FALSE ORDER BY ... |
| 64 |   | main      | g/i/i/w/g/c/xsuportal            | main.go:1107:19    | ListTeams                   | SELECT  | contestants                        | 8cbf4edc | SELECT * FROM `contestants` WHERE `team_id` = ? ORDER BY ... |
| 65 | P | main      | g/i/i/w/g/c/xsuportal            | main.go:1169:2     | getCurrentContestant        | SELECT  | contestants                        | 01b48f73 | SELECT * FROM `contestants` WHERE `id` = ? LIMIT 1           |
| 66 | P | main      | g/i/i/w/g/c/xsuportal            | main.go:1197:2     | getCurrentTeam              | SELECT  | teams                              | 8fe9d7d2 | SELECT * FROM `teams` WHERE `id` = ? LIMIT 1                 |
| 67 |   | main      | g/i/i/w/g/c/xsuportal            | main.go:1214:17    | getCurrentContestStatus     | SELECT  | contest_config                     | 2a158866 | SELECT *, NOW(6) AS `current_time`, CASE WHEN NOW(6) < ...   |
| 68 |   | main      | g/i/i/w/g/c/xsuportal            | main.go:1335:22    | makeTeamPB                  | SELECT  | contestants                        | 01b48f73 | SELECT * FROM `contestants` WHERE `id` = ? LIMIT 1           |
| 69 |   | main      | g/i/i/w/g/c/xsuportal            | main.go:1341:24    | makeTeamPB                  | SELECT  | contestants                        | 8cbf4edc | SELECT * FROM `contestants` WHERE `team_id` = ? ORDER BY ... |
| 70 |   | main      | g/i/i/w/g/c/xsuportal            | main.go:1465:17    | makeLeaderboardPB           | SELECT  | teams, benchmark_jobs, contestants | 0c693acc | SELECT `teams`.`id` AS `id`, `teams`.`name` AS `name`, ...   |
| 71 |   | main      | g/i/i/w/g/c/xsuportal            | main.go:1486:17    | makeLeaderboardPB           | SELECT  | benchmark_jobs                     | 6d3f77fb | SELECT `team_id` AS `team_id`, (`score_raw` - ...            |
| 72 | P | main      | g/i/i/w/g/c/xsuportal            | main.go:1567:2     | makeBenchmarkJobsPB         | SELECT  | benchmark_jobs                     | 2cda0ce1 | SELECT * FROM `benchmark_jobs` WHERE `team_id` = ? ORDER ... |
+----+---+-----------+----------------------------------+--------------------+-----------------------------+---------+------------------------------------+----------+--------------------------------------------------------------+
