+----+-----------------------------+---------------------------------------------------------------------------------------------+---+-----------------------------------------------------------------+
|  # | FUNCTION NAME               | CALLEE                                                                                      | N | POSITION                                                        |
+----+-----------------------------+---------------------------------------------------------------------------------------------+---+-----------------------------------------------------------------+
|  1 | ReceiveBenchmarkJob         | github.com/isucon/isucon10-final/webapp/golang/cmd/benchmark_server.ReceiveBenchmarkJob$1   | 1 | testdata/src/isucon10-final/cmd/benchmark_server/main.go:102:4  |
|  2 | ReportBenchmarkResult$1     | github.com/jmoiron/sqlx.Get                                                                 | 1 | testdata/src/isucon10-final/cmd/benchmark_server/main.go:146:16 |
|  3 | ReportBenchmarkResult$1     | github.com/isucon/isucon10-final/webapp/golang/cmd/benchmark_server.saveAsFinished          | 1 | testdata/src/isucon10-final/cmd/benchmark_server/main.go:161:31 |
|  4 | ReportBenchmarkResult$1     | github.com/isucon/isucon10-final/webapp/golang.NotifyBenchmarkJobFinished                   | 1 | testdata/src/isucon10-final/cmd/benchmark_server/main.go:167:50 |
|  5 | ReportBenchmarkResult$1     | github.com/isucon/isucon10-final/webapp/golang/cmd/benchmark_server.saveAsRunning           | 1 | testdata/src/isucon10-final/cmd/benchmark_server/main.go:172:30 |
|  6 | ReportBenchmarkResult       | github.com/isucon/isucon10-final/webapp/golang/cmd/benchmark_server.ReportBenchmarkResult$1 | 1 | testdata/src/isucon10-final/cmd/benchmark_server/main.go:180:4  |
|  7 | pollBenchmarkJob            | github.com/jmoiron/sqlx.Get                                                                 | 1 | testdata/src/isucon10-final/cmd/benchmark_server/main.go:254:18 |
|  8 | ReceiveBenchmarkJob$1       | github.com/isucon/isucon10-final/webapp/golang/cmd/benchmark_server.pollBenchmarkJob        | 1 | testdata/src/isucon10-final/cmd/benchmark_server/main.go:46:32  |
|  9 | ReceiveBenchmarkJob$1       | github.com/jmoiron/sqlx.Get                                                                 | 1 | testdata/src/isucon10-final/cmd/benchmark_server/main.go:55:16  |
| 10 | ReceiveBenchmarkJob$1       | database/sql.Exec                                                                           | 1 | testdata/src/isucon10-final/cmd/benchmark_server/main.go:73:20  |
| 11 | ReceiveBenchmarkJob$1       | github.com/jmoiron/sqlx.Get                                                                 | 1 | testdata/src/isucon10-final/cmd/benchmark_server/main.go:85:16  |
| 12 | ListTeams                   | github.com/jmoiron/sqlx.Select                                                              | 1 | testdata/src/isucon10-final/cmd/xsuportal/main.go:1107:19       |
| 13 | makeLeaderboardPB           | github.com/isucon/isucon10-final/webapp/golang/cmd/xsuportal.makeTeamPB                     | 1 | testdata/src/isucon10-final/cmd/xsuportal/main.go:1503:21       |
| 14 | Initialize                  | database/sql.Exec                                                                           | 1 | testdata/src/isucon10-final/cmd/xsuportal/main.go:157:20        |
| 15 | ListClarifications          | github.com/jmoiron/sqlx.Get                                                                 | 1 | testdata/src/isucon10-final/cmd/xsuportal/main.go:216:16        |
| 16 | ListClarifications          | github.com/isucon/isucon10-final/webapp/golang/cmd/xsuportal.makeClarificationPB            | 1 | testdata/src/isucon10-final/cmd/xsuportal/main.go:224:32        |
| 17 | ListClarifications          | github.com/jmoiron/sqlx.Get                                                                 | 1 | testdata/src/isucon10-final/cmd/xsuportal/main.go:499:16        |
| 18 | ListClarifications          | github.com/isucon/isucon10-final/webapp/golang/cmd/xsuportal.makeClarificationPB            | 1 | testdata/src/isucon10-final/cmd/xsuportal/main.go:507:32        |
| 19 | NotifyBenchmarkJobFinished  | github.com/isucon/isucon10-final/webapp/golang.notify                                       | 1 | testdata/src/isucon10-final/notifier.go:129:32                  |
| 20 | NotifyClarificationAnswered | github.com/isucon/isucon10-final/webapp/golang.notify                                       | 1 | testdata/src/isucon10-final/notifier.go:94:32                   |
+----+-----------------------------+---------------------------------------------------------------------------------------------+---+-----------------------------------------------------------------+
