+----+---+---------+--------------+----------------+----------------------------------+---------+--------+----------+--------------------------------------------------------------+
|  # | * | PACKAGE | PACKAGE PATH | FILE           | FUNCTION                         | TYPE    | TABLES | HASH     | QUERY                                                        |
+----+---+---------+--------------+----------------+----------------------------------+---------+--------+----------+--------------------------------------------------------------+
|  1 |   | main    | g/i/i/isuumo | main.go:325:14 | getChairDetail                   | SELECT  | chair  | d9075d8e | SELECT * FROM chair WHERE id = ?                             |
|  2 |   | main    | g/i/i/isuumo | main.go:384:20 | postChair                        | INSERT  | chair  | 72c1b045 | INSERT INTO chair(id, name, description, thumbnail, ...      |
|  3 | C | main    | g/i/i/isuumo | main.go:513:2  | searchChairs                     | SELECT  | chair  | 0760f59b | SELECT COUNT(*) FROM chair WHERE price >= ? AND height ...   |
|  4 | C | main    | g/i/i/isuumo | main.go:522:2  | searchChairs                     | SELECT  | chair  | 00ce2402 | SELECT * FROM chair WHERE price >= ? AND height >= ? AND ... |
|  5 |   | main    | g/i/i/isuumo | main.go:564:20 | buyChair                         | SELECT  | chair  | 97b6339f | SELECT * FROM chair WHERE id = ? AND stock > 0 FOR UPDATE    |
|  6 |   | main    | g/i/i/isuumo | main.go:574:18 | buyChair                         | UPDATE  | chair  | 35c353e0 | UPDATE chair SET stock = stock - 1 WHERE id = ?              |
|  7 |   | main    | g/i/i/isuumo | main.go:596:18 | getLowPricedChair                | SELECT  | chair  | c452f6dd | SELECT * FROM chair WHERE stock > 0 ORDER BY price ASC, ...  |
|  8 |   | main    | g/i/i/isuumo | main.go:617:14 | getEstateDetail                  | SELECT  | estate | 50049759 | SELECT * FROM estate WHERE id = ?                            |
|  9 |   | main    | g/i/i/isuumo | main.go:685:20 | postEstate                       | INSERT  | estate | 279ed01a | INSERT INTO estate(id, name, description, thumbnail, ...     |
| 10 | C | main    | g/i/i/isuumo | main.go:785:2  | searchEstates                    | SELECT  | estate | 864d8f46 | SELECT COUNT(*) FROM estate WHERE door_height >= ? AND ...   |
| 11 | C | main    | g/i/i/isuumo | main.go:794:2  | searchEstates                    | SELECT  | estate | d57bfae2 | SELECT * FROM estate WHERE door_height >= ? AND ...          |
| 12 |   | main    | g/i/i/isuumo | main.go:812:18 | getLowPricedEstate               | SELECT  | estate | 3e8e3045 | SELECT * FROM estate ORDER BY rent ASC, id ASC LIMIT ?       |
| 13 |   | main    | g/i/i/isuumo | main.go:834:14 | searchRecommendedEstateWithChair | SELECT  | chair  | d9075d8e | SELECT * FROM chair WHERE id = ?                             |
| 14 |   | main    | g/i/i/isuumo | main.go:849:17 | searchRecommendedEstateWithChair | SELECT  | estate | ee4b186e | SELECT * FROM estate WHERE (door_width >= ? AND ...          |
| 15 |   | main    | g/i/i/isuumo | main.go:876:17 | searchEstateNazotte              | SELECT  | estate | cae478d6 | SELECT * FROM estate WHERE latitude <= ? AND latitude >= ... |
| 16 |   | main    | g/i/i/isuumo | main.go:891:23 | searchEstateNazotte              | UNKNOWN |        | da39a3ee |                                                              |
| 17 |   | main    | g/i/i/isuumo | main.go:938:14 | postEstateRequestDocument        | SELECT  | estate | 50049759 | SELECT * FROM estate WHERE id = ?                            |
+----+---+---------+--------------+----------------+----------------------------------+---------+--------+----------+--------------------------------------------------------------+
